2025-03-17 10:17:01,440 - INFO - Started Appfolio data process
2025-03-17 10:17:02,465 - INFO - [INFO] Opening login page...
2025-03-17 10:17:04,595 - INFO - [INFO] Entered username
2025-03-17 10:17:04,661 - INFO - [INFO] Entered password
2025-03-17 10:17:05,632 - INFO - [INFO] Clicked login button
2025-03-17 10:17:08,638 - INFO - [INFO] 2-Step Verification detected. Retrieving verification code...
2025-03-17 10:17:08,970 - INFO - [INFO] Requested verification code.
2025-03-17 10:17:09,188 - INFO - Too many requests. Waiting 10 seconds before retrying...
2025-03-17 10:17:20,533 - INFO - Entered verification code: 868220
2025-03-17 10:17:22,654 - INFO - Successfully submitted the verification code!
2025-03-17 10:17:27,742 - INFO - Update button clicked successfully.
2025-03-17 10:17:32,926 - INFO - Export CSV button clicked successfully.
2025-03-17 10:17:32,927 - INFO - CSV export process initiated.
2025-03-17 10:17:40,070 - INFO - [ERROR] The process encountered an error.
2025-03-17 10:18:31,353 - INFO - Started Appfolio data process
2025-03-17 10:18:32,383 - INFO - [INFO] Opening login page...
2025-03-17 10:18:34,269 - INFO - [INFO] Entered username
2025-03-17 10:18:34,357 - INFO - [INFO] Entered password
2025-03-17 10:18:35,259 - INFO - [INFO] Clicked login button
2025-03-17 10:18:38,266 - INFO - [INFO] 2-Step Verification detected. Retrieving verification code...
2025-03-17 10:18:38,567 - INFO - [INFO] Requested verification code.
2025-03-17 10:18:42,105 - INFO - Entered verification code: 730944
2025-03-17 10:18:43,809 - INFO - Successfully submitted the verification code!
2025-03-17 10:18:48,880 - INFO - Update button clicked successfully.
2025-03-17 10:18:54,054 - INFO - Export CSV button clicked successfully.
2025-03-17 10:18:54,055 - INFO - CSV export process initiated.
2025-03-17 10:18:59,055 - INFO - [INFO] Opening login page...
2025-03-17 10:19:02,031 - INFO - [ERROR] The process encountered an error.
2025-03-17 10:21:17,646 - INFO - Started Appfolio data process
2025-03-17 10:21:18,686 - INFO - [INFO] Opening login page...
2025-03-17 10:21:20,633 - INFO - [INFO] Entered username
2025-03-17 10:21:20,709 - INFO - [INFO] Entered password
2025-03-17 10:21:21,507 - INFO - [INFO] Clicked login button
2025-03-17 10:21:24,514 - INFO - [INFO] 2-Step Verification detected. Retrieving verification code...
2025-03-17 10:21:24,836 - INFO - [INFO] Requested verification code.
2025-03-17 10:21:58,429 - INFO -  Failed to retrieve a new verification code within the time limit.
2025-03-17 10:21:58,430 - INFO - No new verification code received.
2025-03-17 10:22:04,634 - WARNING - Retrying (Retry(total=2, connect=None, read=None, redirect=None, status=None)) after connection broken by 'NewConnectionError('<urllib3.connection.HTTPConnection object at 0x000002DFF6C43890>: Failed to establish a new connection: [WinError 10061] No connection could be made because the target machine actively refused it')': /session/3390c08c05963d528fa55eb38289c986
2025-03-17 10:22:08,704 - WARNING - Retrying (Retry(total=1, connect=None, read=None, redirect=None, status=None)) after connection broken by 'NewConnectionError('<urllib3.connection.HTTPConnection object at 0x000002DFF6C43C50>: Failed to establish a new connection: [WinError 10061] No connection could be made because the target machine actively refused it')': /session/3390c08c05963d528fa55eb38289c986
2025-03-17 10:22:12,753 - WARNING - Retrying (Retry(total=0, connect=None, read=None, redirect=None, status=None)) after connection broken by 'NewConnectionError('<urllib3.connection.HTTPConnection object at 0x000002DFF6D19CD0>: Failed to establish a new connection: [WinError 10061] No connection could be made because the target machine actively refused it')': /session/3390c08c05963d528fa55eb38289c986
2025-03-17 10:22:20,873 - INFO - [ERROR] The process encountered an error.
2025-03-17 10:22:40,236 - INFO - Started Appfolio data process
2025-03-17 10:22:41,269 - INFO - [INFO] Opening login page...
2025-03-17 10:22:43,219 - INFO - [INFO] Entered username
2025-03-17 10:22:43,290 - INFO - [INFO] Entered password
2025-03-17 10:22:44,037 - INFO - [INFO] Clicked login button
2025-03-17 10:22:47,044 - INFO - [INFO] 2-Step Verification detected. Retrieving verification code...
2025-03-17 10:22:47,355 - INFO - [INFO] Requested verification code.
2025-03-17 10:22:50,891 - INFO - Entered verification code: 718422
2025-03-17 10:22:50,962 - INFO - Successfully submitted the verification code!
2025-03-17 10:22:56,037 - INFO - Update button clicked successfully.
2025-03-17 10:23:01,220 - INFO - Export CSV button clicked successfully.
2025-03-17 10:23:01,220 - INFO - CSV export process initiated.
2025-03-17 10:23:06,221 - INFO - [INFO] Opening login page...
2025-03-17 10:23:11,922 - INFO - Update button clicked successfully.
2025-03-17 10:23:17,058 - INFO - Export CSV button clicked successfully.
2025-03-17 10:23:17,059 - INFO - CSV export process initiated.
2025-03-17 10:23:24,250 - INFO - [ERROR] The process encountered an error.
2025-03-17 10:25:08,857 - INFO - Started Appfolio data process
2025-03-17 10:25:09,919 - INFO - [INFO] Opening login page...
2025-03-17 10:25:12,080 - INFO - [INFO] Entered username
2025-03-17 10:25:12,231 - INFO - [INFO] Entered password
2025-03-17 10:25:14,331 - INFO - [INFO] Clicked login button
2025-03-17 10:25:17,338 - INFO - [INFO] 2-Step Verification detected. Retrieving verification code...
2025-03-17 10:25:17,700 - INFO - [INFO] Requested verification code.
2025-03-17 10:25:23,528 - INFO - Entered verification code: 963211
2025-03-17 10:25:23,593 - INFO - Successfully submitted the verification code!
2025-03-17 10:25:28,670 - INFO - Update button clicked successfully.
2025-03-17 10:25:33,844 - INFO - Export CSV button clicked successfully.
2025-03-17 10:25:33,844 - INFO - CSV export process initiated.
2025-03-17 10:25:38,845 - INFO - [INFO] Opening login page...
2025-03-17 10:25:45,286 - INFO - Update button clicked successfully.
2025-03-17 10:25:50,457 - INFO - Export CSV button clicked successfully.
2025-03-17 10:25:50,457 - INFO - CSV export process initiated.
2025-03-17 10:26:01,030 - INFO - Update button clicked successfully.
2025-03-17 10:26:06,166 - INFO - Export CSV button clicked successfully.
2025-03-17 10:26:06,166 - INFO - CSV export process initiated.
2025-03-17 10:26:13,356 - INFO - [ERROR] The process encountered an error.
2025-03-17 10:28:49,148 - INFO - Started Appfolio data process
2025-03-17 10:28:50,201 - INFO - [INFO] Opening login page...
2025-03-17 10:28:52,171 - INFO - [INFO] Entered username
2025-03-17 10:28:52,313 - INFO - [INFO] Entered password
2025-03-17 10:28:53,179 - INFO - [INFO] Clicked login button
2025-03-17 10:28:56,187 - INFO - [INFO] 2-Step Verification detected. Retrieving verification code...
2025-03-17 10:28:56,494 - INFO - [INFO] Requested verification code.
2025-03-17 10:29:00,048 - INFO - Entered verification code: 703864
2025-03-17 10:29:00,160 - INFO - Successfully submitted the verification code!
2025-03-17 10:29:03,230 - INFO - Update button clicked successfully.
2025-03-17 10:29:06,406 - INFO - Export CSV button clicked successfully.
2025-03-17 10:29:06,407 - INFO - CSV export process initiated.
2025-03-17 10:29:09,408 - INFO - [INFO] Opening login page...
2025-03-17 10:29:13,215 - INFO - Update button clicked successfully.
2025-03-17 10:29:16,351 - INFO - Export CSV button clicked successfully.
2025-03-17 10:29:16,351 - INFO - CSV export process initiated.
2025-03-17 10:29:22,954 - INFO - Update button clicked successfully.
2025-03-17 10:29:26,092 - INFO - Export CSV button clicked successfully.
2025-03-17 10:29:26,092 - INFO - CSV export process initiated.
2025-03-17 10:29:31,249 - INFO - [SUCCESS] The entire process completed successfully.
2025-03-17 10:31:42,390 - INFO - Started Appfolio data process
2025-03-17 10:31:43,469 - INFO - [INFO] Opening login page...
2025-03-17 10:31:45,323 - INFO - [INFO] Entered username
2025-03-17 10:31:45,386 - INFO - [INFO] Entered password
2025-03-17 10:31:45,524 - INFO - [INFO] Clicked login button
2025-03-17 10:31:48,531 - INFO - [INFO] 2-Step Verification detected. Retrieving verification code...
2025-03-17 10:31:48,857 - INFO - [INFO] Requested verification code.
2025-03-17 10:31:52,397 - INFO - Entered verification code: 654805
2025-03-17 10:31:52,476 - INFO - Successfully submitted the verification code!
2025-03-17 10:31:55,593 - INFO - Update button clicked successfully.
2025-03-17 10:31:58,783 - INFO - Export CSV button clicked successfully.
2025-03-17 10:31:58,784 - INFO - CSV export process initiated.
2025-03-17 10:32:01,784 - INFO - [INFO] Opening login page...
2025-03-17 10:32:05,528 - INFO - Update button clicked successfully.
2025-03-17 10:32:08,658 - INFO - Export CSV button clicked successfully.
2025-03-17 10:32:08,659 - INFO - CSV export process initiated.
2025-03-17 10:32:15,154 - INFO - Update button clicked successfully.
2025-03-17 10:32:18,303 - INFO - Export CSV button clicked successfully.
2025-03-17 10:32:18,304 - INFO - CSV export process initiated.
2025-03-17 10:32:23,500 - INFO - [SUCCESS] The entire process completed successfully.
2025-03-17 10:40:34,838 - INFO - Started Appfolio data process
2025-03-17 10:41:29,852 - INFO - Started Appfolio data process
2025-03-17 10:41:30,908 - INFO - [INFO] Opening login page...
2025-03-17 10:41:32,898 - INFO - [INFO] Entered username
2025-03-17 10:41:33,035 - INFO - [INFO] Entered password
2025-03-17 10:41:33,100 - INFO - [INFO] Clicked login button
2025-03-17 10:41:36,106 - INFO - [INFO] 2-Step Verification detected. Retrieving verification code...
2025-03-17 10:41:36,418 - INFO - [INFO] Requested verification code.
2025-03-17 10:41:39,958 - INFO - Entered verification code: 242821
2025-03-17 10:41:41,718 - INFO - Successfully submitted the verification code!
2025-03-17 10:41:44,801 - INFO - Update button clicked successfully.
2025-03-17 10:41:47,998 - INFO - Export CSV button clicked successfully.
2025-03-17 10:41:47,998 - INFO - CSV export process initiated.
2025-03-17 10:41:50,999 - INFO - [INFO] Opening login page...
2025-03-17 10:41:51,000 - INFO - Navigating to https://rbmgt.appfolio.com/buffered_reports/rent_roll?customize=true and downloading CSV...
2025-03-17 10:41:54,764 - INFO - Update button clicked successfully.
2025-03-17 10:41:57,930 - INFO - Export CSV button clicked successfully.
2025-03-17 10:41:57,931 - INFO - CSV export process initiated.
2025-03-17 10:42:02,931 - INFO -  Waiting for CSV file to be downloaded...
2025-03-17 10:42:02,932 - INFO -  Latest downloaded file: C:\Users\SelengeTulga\Downloads\Tenant\dashboard\rent_roll-20250317 (2).csv
2025-03-17 10:42:02,932 - INFO -  An error occurred: clean_csv() takes 1 positional argument but 3 were given
2025-03-17 10:42:05,108 - INFO - [ERROR] The process encountered an error.
2025-03-17 10:43:09,283 - INFO - Started Appfolio data process
2025-03-17 10:43:10,315 - INFO - [INFO] Opening login page...
2025-03-17 10:43:12,252 - INFO - [INFO] Entered username
2025-03-17 10:43:12,393 - INFO - [INFO] Entered password
2025-03-17 10:43:12,455 - INFO - [INFO] Clicked login button
2025-03-17 10:43:15,462 - INFO - [INFO] 2-Step Verification detected. Retrieving verification code...
2025-03-17 10:43:15,788 - INFO - [INFO] Requested verification code.
2025-03-17 10:43:21,596 - INFO - Entered verification code: 509291
2025-03-17 10:43:21,692 - INFO - Successfully submitted the verification code!
2025-03-17 10:43:24,765 - INFO - Update button clicked successfully.
2025-03-17 10:43:27,939 - INFO - Export CSV button clicked successfully.
2025-03-17 10:43:27,939 - INFO - CSV export process initiated.
2025-03-17 10:43:30,939 - INFO - [INFO] Opening login page...
2025-03-17 10:43:30,940 - INFO - Navigating to https://rbmgt.appfolio.com/buffered_reports/rent_roll?customize=true and downloading CSV...
2025-03-17 10:43:34,623 - INFO - Update button clicked successfully.
2025-03-17 10:43:37,766 - INFO - Export CSV button clicked successfully.
2025-03-17 10:43:37,766 - INFO - CSV export process initiated.
2025-03-17 10:43:42,768 - INFO -  Waiting for CSV file to be downloaded...
2025-03-17 10:43:42,769 - INFO -  Latest downloaded file: C:\Users\SelengeTulga\Downloads\Tenant\dashboard\rent_roll-20250317 (4).csv
2025-03-17 10:43:42,769 - INFO - Navigating to https://rbmgt.appfolio.com/buffered_reports/work_order?customize=true and downloading CSV...
2025-03-17 10:43:46,472 - INFO - Update button clicked successfully.
2025-03-17 10:43:49,610 - INFO - Export CSV button clicked successfully.
2025-03-17 10:43:49,611 - INFO - CSV export process initiated.
2025-03-17 10:43:54,612 - INFO -  Waiting for CSV file to be downloaded...
2025-03-17 10:43:54,612 - INFO -  Latest downloaded file: C:\Users\SelengeTulga\Downloads\Tenant\dashboard\work_order-20250317 (1).csv
2025-03-17 10:43:54,612 - INFO - Navigating to https://rbmgt.appfolio.com/buffered_reports/unit_vacancy?customize=true and downloading CSV...
2025-03-17 10:43:58,238 - INFO - Update button clicked successfully.
2025-03-17 10:44:01,376 - INFO - Export CSV button clicked successfully.
2025-03-17 10:44:01,376 - INFO - CSV export process initiated.
2025-03-17 10:44:06,377 - INFO -  Waiting for CSV file to be downloaded...
2025-03-17 10:44:06,378 - INFO -  Latest downloaded file: C:\Users\SelengeTulga\Downloads\Tenant\dashboard\unit_vacancy_detail-20250317 (1).csv
2025-03-17 10:44:08,569 - INFO - [SUCCESS] The entire process completed successfully.
2025-03-17 10:45:31,459 - INFO - Started Appfolio data process
2025-03-17 10:45:32,511 - INFO - [INFO] Opening login page...
2025-03-17 10:45:34,642 - INFO - [INFO] Entered username
2025-03-17 10:45:34,811 - INFO - [INFO] Entered password
2025-03-17 10:45:34,886 - INFO - [INFO] Clicked login button
2025-03-17 10:45:37,893 - INFO - [INFO] 2-Step Verification detected. Retrieving verification code...
2025-03-17 10:45:38,210 - INFO - [INFO] Requested verification code.
2025-03-17 10:45:38,431 - INFO - Too many requests. Waiting 10 seconds before retrying...
2025-03-17 10:45:49,773 - INFO - Entered verification code: 913746
2025-03-17 10:45:51,395 - INFO - Successfully submitted the verification code!
2025-03-17 10:45:54,471 - INFO - Update button clicked successfully.
2025-03-17 10:45:57,640 - INFO - Export CSV button clicked successfully.
2025-03-17 10:45:57,640 - INFO - CSV export process initiated.
2025-03-17 10:46:00,640 - INFO - [INFO] Opening login page...
2025-03-17 10:46:00,641 - INFO - Navigating to https://rbmgt.appfolio.com/buffered_reports/work_order?customize=true and downloading CSV...
2025-03-17 10:46:04,361 - INFO - Update button clicked successfully.
2025-03-17 10:46:07,499 - INFO - Export CSV button clicked successfully.
2025-03-17 10:46:07,499 - INFO - CSV export process initiated.
2025-03-17 10:46:12,501 - INFO -  Waiting for CSV file to be downloaded...
2025-03-17 10:46:12,502 - INFO -  Latest downloaded file: C:\Users\SelengeTulga\Downloads\Tenant\dashboard\work_order-20250317.csv
2025-03-17 10:46:12,503 - INFO - Navigating to https://rbmgt.appfolio.com/buffered_reports/unit_vacancy?customize=true and downloading CSV...
2025-03-17 10:46:16,102 - INFO - Update button clicked successfully.
2025-03-17 10:46:19,238 - INFO - Export CSV button clicked successfully.
2025-03-17 10:46:19,239 - INFO - CSV export process initiated.
2025-03-17 10:46:24,240 - INFO -  Waiting for CSV file to be downloaded...
2025-03-17 10:46:24,241 - INFO -  Latest downloaded file: C:\Users\SelengeTulga\Downloads\Tenant\dashboard\unit_vacancy_detail-20250317.csv
2025-03-17 10:46:26,414 - INFO - [SUCCESS] The entire process completed successfully.
2025-03-17 10:47:21,838 - INFO - Started Appfolio data process
2025-03-17 10:47:22,870 - INFO - [INFO] Opening login page...
2025-03-17 10:47:24,844 - INFO - [INFO] Entered username
2025-03-17 10:47:24,920 - INFO - [INFO] Entered password
2025-03-17 10:47:25,885 - INFO - [INFO] Clicked login button
2025-03-17 10:47:28,893 - INFO - [INFO] 2-Step Verification detected. Retrieving verification code...
2025-03-17 10:47:29,218 - INFO - [INFO] Requested verification code.
2025-03-17 10:47:32,844 - INFO - Entered verification code: 564390
2025-03-17 10:47:32,955 - INFO - Successfully submitted the verification code!
2025-03-17 10:47:35,956 - INFO - Navigating to https://rbmgt.appfolio.com/buffered_reports/rent_roll?customize=true and downloading CSV...
2025-03-17 10:47:39,582 - INFO - Update button clicked successfully.
2025-03-17 10:47:42,760 - INFO - Export CSV button clicked successfully.
2025-03-17 10:47:42,761 - INFO - CSV export process initiated.
2025-03-17 10:47:47,762 - INFO -  Waiting for CSV file to be downloaded...
2025-03-17 10:47:47,764 - INFO -  Latest downloaded file: C:\Users\SelengeTulga\Downloads\Tenant\dashboard\rent_roll-20250317 (1).csv
2025-03-17 10:47:47,764 - INFO - Navigating to https://rbmgt.appfolio.com/buffered_reports/work_order?customize=true and downloading CSV...
2025-03-17 10:47:51,520 - INFO - Update button clicked successfully.
2025-03-17 10:47:54,694 - INFO - Export CSV button clicked successfully.
2025-03-17 10:47:54,694 - INFO - CSV export process initiated.
2025-03-17 10:47:59,695 - INFO -  Waiting for CSV file to be downloaded...
2025-03-17 10:47:59,695 - INFO -  Latest downloaded file: C:\Users\SelengeTulga\Downloads\Tenant\dashboard\work_order-20250317 (1).csv
2025-03-17 10:47:59,695 - INFO - Navigating to https://rbmgt.appfolio.com/buffered_reports/unit_vacancy?customize=true and downloading CSV...
2025-03-17 10:48:03,260 - INFO - Update button clicked successfully.
2025-03-17 10:48:06,424 - INFO - Export CSV button clicked successfully.
2025-03-17 10:48:06,425 - INFO - CSV export process initiated.
2025-03-17 10:48:11,425 - INFO -  Waiting for CSV file to be downloaded...
2025-03-17 10:48:11,426 - INFO -  Latest downloaded file: C:\Users\SelengeTulga\Downloads\Tenant\dashboard\unit_vacancy_detail-20250317 (1).csv
2025-03-17 10:48:13,603 - INFO - [SUCCESS] The entire process completed successfully.
2025-03-17 13:07:14,034 - INFO - Started Appfolio data process
2025-03-17 13:07:15,135 - INFO - [INFO] Opening login page...
2025-03-17 13:07:16,904 - INFO - [INFO] Entered username
2025-03-17 13:07:16,976 - INFO - [INFO] Entered password
2025-03-17 13:07:17,095 - INFO - [INFO] Clicked login button
2025-03-17 13:07:20,103 - INFO - [INFO] 2-Step Verification detected. Retrieving verification code...
2025-03-17 13:07:20,481 - INFO - [INFO] Requested verification code.
2025-03-17 13:07:24,119 - INFO - Entered verification code: 381767
2025-03-17 13:07:26,267 - INFO - Successfully submitted the verification code!
2025-03-17 13:07:29,268 - INFO - Navigating to https://rbmgt.appfolio.com/buffered_reports/rent_roll?customize=true and downloading CSV...
2025-03-17 13:07:32,904 - INFO - Update button clicked successfully.
2025-03-17 13:07:36,091 - INFO - Export CSV button clicked successfully.
2025-03-17 13:07:36,091 - INFO - CSV export process initiated.
2025-03-17 13:07:41,092 - INFO -  Waiting for CSV file to be downloaded...
2025-03-17 13:07:41,095 - INFO -  Latest downloaded file: C:\Users\SelengeTulga\Downloads\Tenant\dashboard\rent_roll-20250317 (2).csv
2025-03-17 13:07:41,095 - INFO - Navigating to https://rbmgt.appfolio.com/buffered_reports/work_order?customize=true and downloading CSV...
2025-03-17 13:07:44,723 - INFO - Update button clicked successfully.
2025-03-17 13:07:47,865 - INFO - Export CSV button clicked successfully.
2025-03-17 13:07:47,865 - INFO - CSV export process initiated.
2025-03-17 13:07:52,866 - INFO -  Waiting for CSV file to be downloaded...
2025-03-17 13:07:52,868 - INFO -  Latest downloaded file: C:\Users\SelengeTulga\Downloads\Tenant\dashboard\work_order-20250317 (2).csv
2025-03-17 13:07:52,868 - INFO - Navigating to https://rbmgt.appfolio.com/buffered_reports/unit_vacancy?customize=true and downloading CSV...
2025-03-17 13:07:56,317 - INFO - Update button clicked successfully.
2025-03-17 13:07:59,470 - INFO - Export CSV button clicked successfully.
2025-03-17 13:07:59,470 - INFO - CSV export process initiated.
2025-03-17 13:08:04,471 - INFO -  Waiting for CSV file to be downloaded...
2025-03-17 13:08:04,472 - INFO -  Latest downloaded file: C:\Users\SelengeTulga\Downloads\Tenant\dashboard\unit_vacancy_detail-20250317 (2).csv
2025-03-17 13:08:06,621 - INFO - [SUCCESS] The entire process completed successfully.
